
2024-01-18 10:19:20,457:DEBUG:Add: 15 + 5 = 20
2024-01-18 10:19:20,457:DEBUG:Sub: 15 - 5 = 10
2024-01-18 10:19:20,457:DEBUG:Mul: 15 * 5 = 75
2024-01-18 10:19:20,457:DEBUG:Div: 15 / 5 = 3.0
